2026-09-15 08:03:26 [INFO] Record 1: File uploaded successfully
2026-09-15 08:06:28 [INFO] Record 2: Health check passed
2026-09-15 08:09:17 [INFO] Record 3: Request processed successfully
2026-09-15 08:12:48 [ERROR] Record 4: ERROR File upload failed
2026-09-15 08:15:44 [ERROR] Record 5: ERROR API request failed
2026-09-15 08:18:21 [INFO] Record 6: Session started
2026-09-15 08:21:09 [INFO] Record 7: File uploaded successfully
2026-09-15 08:24:48 [INFO] Record 8: Request completed
2026-09-15 08:27:06 [INFO] Record 9: User authenticated successfully
2026-09-15 08:30:24 [INFO] Record 10: User authenticated successfully
2026-09-15 08:33:22 [INFO] Record 11: Request completed
2026-09-15 08:36:38 [ERROR] Record 12: ERROR Permission denied
2026-09-15 08:39:51 [INFO] Record 13: Request processed successfully
2026-09-15 08:42:46 [ERROR] Record 14: ERROR Database query failed
2026-09-15 08:45:34 [ERROR] Record 15: ERROR Authentication failed
2026-09-15 08:48:59 [INFO] Record 16: Cache updated
2026-09-15 08:51:05 [INFO] Record 17: Configuration loaded
2026-09-15 08:54:18 [ERROR] Record 18: ERROR Internal server error
2026-09-15 08:57:56 [INFO] Record 19: Request completed
2026-09-15 09:00:36 [INFO] Record 20: File uploaded successfully
2026-09-15 09:03:45 [INFO] Record 21: User authenticated successfully
2026-09-15 09:06:02 [INFO] Record 22: File uploaded successfully
2026-09-15 09:09:49 [INFO] Record 23: Session started
2026-09-15 09:12:05 [INFO] Record 24: File uploaded successfully
2026-09-15 09:15:55 [INFO] Record 25: User authenticated successfully
2026-09-15 09:18:24 [ERROR] Record 26: ERROR Permission denied
2026-09-15 09:21:29 [INFO] Record 27: Request completed
2026-09-15 09:24:10 [ERROR] Record 28: ERROR Unable to read configuration
2026-09-15 09:27:22 [ERROR] Record 29: ERROR Request timeout
2026-09-15 09:30:42 [ERROR] Record 30: ERROR Permission denied
2026-09-15 09:33:44 [INFO] Record 31: User authenticated successfully
2026-09-15 09:36:38 [ERROR] Record 32: ERROR File upload failed
2026-09-15 09:39:34 [INFO] Record 33: File uploaded successfully
2026-09-15 09:42:10 [INFO] Record 34: API request completed
2026-09-15 09:45:24 [INFO] Record 35: Session started
2026-09-15 09:48:59 [ERROR] Record 36: ERROR Session expired unexpectedly
2026-09-15 09:51:14 [INFO] Record 37: Request completed
2026-09-15 09:54:53 [INFO] Record 38: Request processed successfully
2026-09-15 09:57:14 [INFO] Record 39: Request processed successfully
2026-09-15 10:00:51 [INFO] Record 40: Request completed
2026-09-15 10:03:25 [INFO] Record 41: Session started
2026-09-15 10:06:04 [INFO] Record 42: File uploaded successfully
2026-09-15 10:09:58 [INFO] Record 43: Health check passed
2026-09-15 10:12:56 [INFO] Record 44: Request completed
2026-09-15 10:15:13 [INFO] Record 45: API request completed
2026-09-15 10:18:25 [INFO] Record 46: API request completed
2026-09-15 10:21:09 [INFO] Record 47: Session started
2026-09-15 10:24:08 [INFO] Record 48: File uploaded successfully
2026-09-15 10:27:47 [INFO] Record 49: Configuration loaded
2026-09-15 10:30:34 [INFO] Record 50: Session started
2026-09-15 10:33:47 [INFO] Record 51: Health check passed
2026-09-15 10:36:27 [INFO] Record 52: Health check passed
2026-09-15 10:39:25 [INFO] Record 53: Request completed
2026-09-15 10:42:14 [INFO] Record 54: Database connection established
2026-09-15 10:45:32 [ERROR] Record 55: ERROR Database query failed
2026-09-15 10:48:05 [INFO] Record 56: Request processed successfully
2026-09-15 10:51:55 [INFO] Record 57: User authenticated successfully
2026-09-15 10:54:09 [INFO] Record 58: Database connection established
2026-09-15 10:57:50 [INFO] Record 59: Cache updated
2026-09-15 11:00:38 [INFO] Record 60: User authenticated successfully
2026-09-15 11:03:24 [INFO] Record 61: Cache updated
2026-09-15 11:06:38 [INFO] Record 62: API request completed
2026-09-15 11:09:33 [INFO] Record 63: Session started
2026-09-15 11:12:35 [INFO] Record 64: Request processed successfully
2026-09-15 11:15:43 [ERROR] Record 65: ERROR Authentication failed
2026-09-15 11:18:43 [INFO] Record 66: Configuration loaded
2026-09-15 11:21:48 [INFO] Record 67: Session started
2026-09-15 11:24:49 [INFO] Record 68: Request completed
2026-09-15 11:27:07 [INFO] Record 69: Session started
2026-09-15 11:30:27 [ERROR] Record 70: ERROR File upload failed
2026-09-15 11:33:29 [INFO] Record 71: Request processed successfully
2026-09-15 11:36:46 [ERROR] Record 72: ERROR Permission denied
2026-09-15 11:39:32 [INFO] Record 73: Database connection established
2026-09-15 11:42:32 [INFO] Record 74: User authenticated successfully
2026-09-15 11:45:55 [INFO] Record 75: Session started
2026-09-15 11:48:53 [ERROR] Record 76: ERROR Session expired unexpectedly
2026-09-15 11:51:38 [INFO] Record 77: File uploaded successfully
2026-09-15 11:54:09 [ERROR] Record 78: ERROR Unable to read configuration
2026-09-15 11:57:48 [INFO] Record 79: Database connection established
2026-09-15 12:00:34 [INFO] Record 80: Configuration loaded
2026-09-15 12:03:58 [INFO] Record 81: Request processed successfully
2026-09-15 12:06:38 [ERROR] Record 82: ERROR Unable to read configuration
2026-09-15 12:09:31 [INFO] Record 83: Request processed successfully
2026-09-15 12:12:07 [INFO] Record 84: Request completed
2026-09-15 12:15:56 [ERROR] Record 85: ERROR Permission denied
2026-09-15 12:18:15 [INFO] Record 86: Request processed successfully
2026-09-15 12:21:15 [ERROR] Record 87: ERROR Internal server error
2026-09-15 12:24:05 [INFO] Record 88: User authenticated successfully
2026-09-15 12:27:46 [ERROR] Record 89: ERROR Database query failed
2026-09-15 12:30:52 [ERROR] Record 90: ERROR Authentication failed
2026-09-15 12:33:48 [INFO] Record 91: Configuration loaded
2026-09-15 12:36:49 [INFO] Record 92: Database connection established
2026-09-15 12:39:08 [INFO] Record 93: API request completed
2026-09-15 12:42:35 [INFO] Record 94: Database connection established
2026-09-15 12:45:16 [ERROR] Record 95: ERROR Session expired unexpectedly
2026-09-15 12:48:55 [INFO] Record 96: Health check passed
2026-09-15 12:51:27 [INFO] Record 97: File uploaded successfully
2026-09-15 12:54:59 [ERROR] Record 98: ERROR Session expired unexpectedly
2026-09-15 12:57:48 [INFO] Record 99: File uploaded successfully
2026-09-15 13:00:45 [INFO] Record 100: Session started
